Compiling lib\main.dart for the Web...                          
flutter : Wasm dry 
run findings:
At line:1 char:51
+ ...  "C:\flutter\bi
n;$env:PATH"; 
$output = flutter 
build web 2>&1 | 
Out-S ...
+                    
                     
   ~~~~~~~~~~~~~~~~~~
~~~~
    + CategoryInfo   
           : NotSpe  
  cified: (Wasm dr   
 y run findings::    
String) [], Remo    
teException
    + FullyQualified 
   ErrorId : Native  
  CommandError
 
Found 
incompatibilities 
with WebAssembly.

package:firebase_mess
aging_web/firebase_me
ssaging_web.dart 7:1 
- dart:html 
unsupported (0)
package:flutter_secur
e_storage_web/flutter
_secure_storage_web.d
art 5:1 - dart:html 
unsupported (0)
package:flutter_secur
e_storage_web/flutter
_secure_storage_web.d
art 6:1 - 
dart:js_util 
unsupported (15)
package:image_cropper
_for_web/image_croppe
r_for_web.dart 3:1 - 
dart:html 
unsupported (0)
package:connectivity_
plus/src/web/dart_htm
l_connectivity_plugin
.dart 2:1 - 
dart:html 
unsupported (0)
package:firebase_mess
aging_web/src/interop
/messaging.dart 11:1 
- package:js/js.dart 
unsupported (14)
package:flutter_secur
e_storage_web/src/sub
tle.dart 21:1 - 
dart:html 
unsupported (0)
package:flutter_secur
e_storage_web/src/sub
tle.dart 22:1 - 
dart:js_util 
unsupported (15)
package:flutter_secur
e_storage_web/src/sub
tle.dart 26:1 - 
package:js/js.dart 
unsupported (14)
package:image_cropper
_for_web/src/croppie/
croppie_dart.dart 
2:1 - dart:html 
unsupported (0)
package:image_cropper
_for_web/src/croppie/
croppie_dart.dart 
4:1 - 
package:js/js.dart 
unsupported (14)
package:image_cropper
_for_web/src/croppie/
croppie_dart_base.dar
t 4:1 - dart:html 
unsupported (0)
package:image_cropper
_for_web/src/croppie/
croppie_dart_base.dar
t 6:1 - 
package:js/js.dart 
unsupported (14)
package:firebase_mess
aging_web/src/interop
/messaging_interop.da
rt 12:1 - 
package:js/js.dart 
unsupported (14)

Consider addressing 
these issues to 
enable wasm builds. 
See docs for more 
info: https://docs.fl
utter.dev/platform-in
tegration/web/wasm

Use 
--no-wasm-dry-run to 
disable these 
warnings.
Target dart2js 
failed: 
ProcessException: 
Process exited 
abnormally with exit 
code 1:
../../../AppData/Loca
l/Pub/Cache/hosted/pu
b.dev/firebase_messag
ing_web-3.5.18/lib/sr
c/interop/messaging_i
nterop.dart:18:10:
Error: Type 
'PromiseJsImpl' not 
found.
external 
PromiseJsImpl<bool> d
eleteToken(MessagingJ
sImpl messaging);
         
^^^^^^^^^^^^^
../../../AppData/Loca
l/Pub/Cache/hosted/pu
b.dev/firebase_messag
ing_web-3.5.18/lib/sr
c/interop/messaging_i
nterop.dart:21:10:
Error: Type 
'PromiseJsImpl' not 
found.
external PromiseJsImp
l<String> getToken(
         
^^^^^^^^^^^^^
../../../AppData/Loca
l/Pub/Cache/hosted/pu
b.dev/firebase_messag
ing_web-3.5.18/lib/sr
c/interop/messaging_i
nterop.dart:25:10:
Error: Type 
'PromiseJsImpl' not 
found.
external 
PromiseJsImpl<bool> 
isSupported();
         
^^^^^^^^^^^^^
../../../AppData/Loca
l/Pub/Cache/hosted/pu
b.dev/image_cropper_f
or_web-3.0.0/lib/imag
e_cropper_for_web.dar
t:134:8:
Error: Undefined 
name 'platformViewReg
istry'.
    ui.platformViewRe
gistry
       
^^^^^^^^^^^^^^^^^^^^
../../../AppData/Loca
l/Pub/Cache/hosted/pu
b.dev/firebase_messag
ing_web-3.5.18/lib/sr
c/interop/messaging.d
art:35:7:
Error: Method not 
found: 
'handleThenable'.
      handleThenable(
messaging_interop.isS
upported());
      ^^^^^^^^^^^^^^
../../../AppData/Loca
l/Pub/Cache/hosted/pu
b.dev/firebase_messag
ing_web-3.5.18/lib/sr
c/interop/messaging.d
art:43:7:
Error: The method 
'handleThenable' 
isn't defined for 
the type 'Messaging'.
 - 'Messaging' is 
from 'package:firebas
e_messaging_web/src/i
nterop/messaging.dart
' ('../../../AppData/
Local/Pub/Cache/hoste
d/pub.dev/firebase_me
ssaging_web-3.5.18/li
b/src/interop/messagi
ng.dart').
      handleThenable(
messaging_interop.del
eteToken(jsObject));
      ^^^^^^^^^^^^^^
../../../AppData/Loca
l/Pub/Cache/hosted/pu
b.dev/firebase_messag
ing_web-3.5.18/lib/sr
c/interop/messaging.d
art:49:27:
Error: The method 
'handleThenable' 
isn't defined for 
the type 'Messaging'.
 - 'Messaging' is 
from 'package:firebas
e_messaging_web/src/i
nterop/messaging.dart
' ('../../../AppData/
Local/Pub/Cache/hoste
d/pub.dev/firebase_me
ssaging_web-3.5.18/li
b/src/interop/messagi
ng.dart').
      final token = 
await handleThenable(
messaging_interop.get
Token(
                     
     ^^^^^^^^^^^^^^
../../../AppData/Loca
l/Pub/Cache/hosted/pu
b.dev/firebase_messag
ing_web-3.5.18/lib/sr
c/interop/messaging.d
art:119:37:
Error: The method 
'dartify' isn't 
defined for the type 
'MessagePayload'.
 - 'MessagePayload' 
is from 'package:fire
base_messaging_web/sr
c/interop/messaging.d
art' ('../../../AppDa
ta/Local/Pub/Cache/ho
sted/pub.dev/firebase
_messaging_web-3.5.18
/lib/src/interop/mess
aging.dart').
  Map<String, 
dynamic>? get data 
=> dartify(jsObject.d
ata);
                     
               
^^^^^^^
../../../AppData/Loca
l/Pub/Cache/hosted/pu
b.dev/image_cropper_p
latform_interface-5.0
.0/lib/src/models/cro
pped_file/html.dart:3
2:38:
Error: The method 'Un
modifiableUint8ListVi
ew' isn't defined 
for the type 
'CroppedFile'.
 - 'CroppedFile' is 
from 'package:image_c
ropper_platform_inter
face/src/models/cropp
ed_file/html.dart' ('
../../../AppData/Loca
l/Pub/Cache/hosted/pu
b.dev/image_cropper_p
latform_interface-5.0
.0/lib/src/models/cro
pped_file/html.dart')
.
      return Future<U
int8List>.value(Unmod
ifiableUint8ListView(
_initBytes!));
                     
                ^^^^^
^^^^^^^^^^^^^^^^^^^^
Error: Compilation 
failed.
  Command: C:\flutter
\bin\cache\dart-sdk\b
in\dart.exe compile 
js --platform-binarie
s=C:\flutter\bin\cach
e\flutter_web_sdk\ker
nel --invoker=flutter
_tool -Ddart.vm.produ
ct=true -DFLUTTER_VER
SION=3.41.2 -DFLUTTER
_CHANNEL=stable -DFLU
TTER_GIT_URL=https://
github.com/flutter/fl
utter.git -DFLUTTER_F
RAMEWORK_REVISION=906
73a4eef -DFLUTTER_ENG
INE_REVISION=6c0baaeb
f7 -DFLUTTER_DART_VER
SION=3.11.0 -DFLUTTER
_WEB_USE_SKIA=true -D
FLUTTER_WEB_USE_SKWAS
M=false -DFLUTTER_WEB
_CANVASKIT_URL=https:
//www.gstatic.com/flu
tter-canvaskit/6c0baa
ebf70e0148f485f27d561
6b3d3382da7bf/ --nati
ve-null-assertions 
--no-source-maps -O4 
--minify -o C:\Users\
alphor2\OneDrive - 
Medtronic PLC\WeSquar
e\bgmi_tournament\.da
rt_tool\flutter_build
\00e691458a3cbf0573fe
5e600614152a\app.dill
 --packages=C:\Users\
alphor2\OneDrive - 
Medtronic PLC\WeSquar
e\bgmi_tournament\.da
rt_tool\package_confi
g.json --cfe-only C:\
Users\alphor2\OneDriv
e - Medtronic PLC\WeS
quare\bgmi_tournament
\.dart_tool\flutter_b
uild\00e691458a3cbf05
73fe5e600614152a\main
.dart
#0      RunResult.thr
owException (package:
flutter_tools/src/bas
e/process.dart:153:5)
#1      _DefaultProce
ssUtils.run (package:
flutter_tools/src/bas
e/process.dart:379:19
)
<asynchronous 
suspension>
#2      
Dart2JSTarget.build (
package:flutter_tools
/src/build_system/tar
gets/web.dart:208:5)
<asynchronous 
suspension>
#3      _BuildInstanc
e._invokeInternal (pa
ckage:flutter_tools/s
rc/build_system/build
_system.dart:937:9)
<asynchronous 
suspension>
#4      Future.wait.<
anonymous closure> (d
art:async/future.dart
:546:21)
<asynchronous 
suspension>
#5      _BuildInstanc
e.invokeTarget (packa
ge:flutter_tools/src/
build_system/build_sy
stem.dart:875:32)
<asynchronous 
suspension>
#6      Future.wait.<
anonymous closure> (d
art:async/future.dart
:546:21)
<asynchronous 
suspension>
#7      _BuildInstanc
e.invokeTarget (packa
ge:flutter_tools/src/
build_system/build_sy
stem.dart:875:32)
<asynchronous 
suspension>
#8      FlutterBuildS
ystem.build (package:
flutter_tools/src/bui
ld_system/build_syste
m.dart:684:16)
<asynchronous 
suspension>
#9      
WebBuilder.buildWeb (
package:flutter_tools
/src/web/compile.dart
:107:34)
<asynchronous 
suspension>
#10     BuildWebComma
nd.runCommand (packag
e:flutter_tools/src/c
ommands/build_web.dar
t:300:5)
<asynchronous 
suspension>
#11     FlutterComman
d.run.<anonymous 
closure> (package:flu
tter_tools/src/runner
/flutter_command.dart
:1590:27)
<asynchronous 
suspension>
#12     AppContext.ru
n.<anonymous 
closure> (package:flu
tter_tools/src/base/c
ontext.dart:154:19)
<asynchronous 
suspension>
#13     CommandRunner
.runCommand (package:
args/command_runner.d
art:212:13)
<asynchronous 
suspension>
#14     FlutterComman
dRunner.runCommand.<a
nonymous closure> (pa
ckage:flutter_tools/s
rc/runner/flutter_com
mand_runner.dart:496:
9)
<asynchronous 
suspension>
#15     AppContext.ru
n.<anonymous 
closure> (package:flu
tter_tools/src/base/c
ontext.dart:154:19)
<asynchronous 
suspension>
#16     FlutterComman
dRunner.runCommand (p
ackage:flutter_tools/
src/runner/flutter_co
mmand_runner.dart:431
:5)
<asynchronous 
suspension>
#17     FlutterComman
dRunner.run.<anonymou
s closure> (package:f
lutter_tools/src/runn
er/flutter_command_ru
nner.dart:307:33)
<asynchronous 
suspension>
#18     
run.<anonymous 
closure>.<anonymous 
closure> (package:flu
tter_tools/runner.dar
t:104:11)
<asynchronous 
suspension>
#19     AppContext.ru
n.<anonymous 
closure> (package:flu
tter_tools/src/base/c
ontext.dart:154:19)
<asynchronous 
suspension>
#20     main (package
:flutter_tools/execut
able.dart:103:3)
<asynchronous 
suspension>

Compiling lib\main.dart for the Web...                             76.9s
Error: Failed to 
compile application 
for the Web.

